[1.380s] Invoking command in '/home/zineddine/ros2_ws/src/camera_odom_fusion': PYTHONPATH=/home/zineddine/ros2_ws/build/camera_odom_fusion/prefix_override:/usr/lib/python3/dist-packages/colcon_core/task/python/colcon_distutils_commands:/home/zineddine/ros2_ws/install/camera_odom_fusion/lib/python3.10/site-packages:${PYTHONPATH} /usr/bin/python3 -W ignore:setup.py install is deprecated -W ignore:easy_install command is deprecated setup.py egg_info --egg-base ../../build/camera_odom_fusion build --build-base /home/zineddine/ros2_ws/build/camera_odom_fusion/build install --record /home/zineddine/ros2_ws/build/camera_odom_fusion/install.log --single-version-externally-managed install_data
[1.798s] running egg_info
[1.828s] writing ../../build/camera_odom_fusion/camera_odom_fusion.egg-info/PKG-INFO
[1.829s] writing dependency_links to ../../build/camera_odom_fusion/camera_odom_fusion.egg-info/dependency_links.txt
[1.829s] writing entry points to ../../build/camera_odom_fusion/camera_odom_fusion.egg-info/entry_points.txt
[1.829s] writing requirements to ../../build/camera_odom_fusion/camera_odom_fusion.egg-info/requires.txt
[1.830s] writing top-level names to ../../build/camera_odom_fusion/camera_odom_fusion.egg-info/top_level.txt
[1.943s] ERROR setuptools_scm._file_finders.git listing git files failed - pretending there aren't any
[2.108s] reading manifest file '../../build/camera_odom_fusion/camera_odom_fusion.egg-info/SOURCES.txt'
[2.110s] writing manifest file '../../build/camera_odom_fusion/camera_odom_fusion.egg-info/SOURCES.txt'
[2.111s] running build
[2.111s] running build_py
[2.112s] copying camera_odom_fusion/ekf_treatment.py -> /home/zineddine/ros2_ws/build/camera_odom_fusion/build/lib/camera_odom_fusion
[2.112s] copying camera_odom_fusion/camera_treatement.py -> /home/zineddine/ros2_ws/build/camera_odom_fusion/build/lib/camera_odom_fusion
[2.112s] copying camera_odom_fusion/__init__.py -> /home/zineddine/ros2_ws/build/camera_odom_fusion/build/lib/camera_odom_fusion
[2.113s] copying camera_odom_fusion/camera_ekf.py -> /home/zineddine/ros2_ws/build/camera_odom_fusion/build/lib/camera_odom_fusion
[2.114s] running install
[2.125s] running install_lib
[2.152s] copying /home/zineddine/ros2_ws/build/camera_odom_fusion/build/lib/camera_odom_fusion/camera_treatement.py -> /home/zineddine/ros2_ws/install/camera_odom_fusion/lib/python3.10/site-packages/camera_odom_fusion
[2.152s] byte-compiling /home/zineddine/ros2_ws/install/camera_odom_fusion/lib/python3.10/site-packages/camera_odom_fusion/camera_treatement.py to camera_treatement.cpython-310.pyc
[2.157s] running install_data
[2.157s] copying resource/camera_odom_fusion -> /home/zineddine/ros2_ws/install/camera_odom_fusion/share/ament_index/resource_index/packages
[2.158s] copying package.xml -> /home/zineddine/ros2_ws/install/camera_odom_fusion/share/camera_odom_fusion
[2.158s] running install_egg_info
[2.183s] removing '/home/zineddine/ros2_ws/install/camera_odom_fusion/lib/python3.10/site-packages/camera_odom_fusion-0.0.0-py3.10.egg-info' (and everything under it)
[2.183s] Copying ../../build/camera_odom_fusion/camera_odom_fusion.egg-info to /home/zineddine/ros2_ws/install/camera_odom_fusion/lib/python3.10/site-packages/camera_odom_fusion-0.0.0-py3.10.egg-info
[2.185s] running install_scripts
[2.243s] Installing camera script to /home/zineddine/ros2_ws/install/camera_odom_fusion/lib/camera_odom_fusion
[2.243s] Installing ekf script to /home/zineddine/ros2_ws/install/camera_odom_fusion/lib/camera_odom_fusion
[2.243s] writing list of installed files to '/home/zineddine/ros2_ws/build/camera_odom_fusion/install.log'
[2.280s] Invoked command in '/home/zineddine/ros2_ws/src/camera_odom_fusion' returned '0': PYTHONPATH=/home/zineddine/ros2_ws/build/camera_odom_fusion/prefix_override:/usr/lib/python3/dist-packages/colcon_core/task/python/colcon_distutils_commands:/home/zineddine/ros2_ws/install/camera_odom_fusion/lib/python3.10/site-packages:${PYTHONPATH} /usr/bin/python3 -W ignore:setup.py install is deprecated -W ignore:easy_install command is deprecated setup.py egg_info --egg-base ../../build/camera_odom_fusion build --build-base /home/zineddine/ros2_ws/build/camera_odom_fusion/build install --record /home/zineddine/ros2_ws/build/camera_odom_fusion/install.log --single-version-externally-managed install_data
