[1.184s] Invoking command in '/home/zineddine/ros2_ws/src/camera_odom_fusion': PYTHONPATH=/home/zineddine/ros2_ws/build/camera_odom_fusion/prefix_override:/usr/lib/python3/dist-packages/colcon_core/task/python/colcon_distutils_commands:/home/zineddine/ros2_ws/install/camera_odom_fusion/lib/python3.10/site-packages:${PYTHONPATH} /usr/bin/python3 -W ignore:setup.py install is deprecated -W ignore:easy_install command is deprecated setup.py egg_info --egg-base ../../build/camera_odom_fusion build --build-base /home/zineddine/ros2_ws/build/camera_odom_fusion/build install --record /home/zineddine/ros2_ws/build/camera_odom_fusion/install.log --single-version-externally-managed install_data
[1.563s] running egg_info
[1.586s] writing ../../build/camera_odom_fusion/camera_odom_fusion.egg-info/PKG-INFO
[1.587s] writing dependency_links to ../../build/camera_odom_fusion/camera_odom_fusion.egg-info/dependency_links.txt
[1.587s] writing entry points to ../../build/camera_odom_fusion/camera_odom_fusion.egg-info/entry_points.txt
[1.588s] writing requirements to ../../build/camera_odom_fusion/camera_odom_fusion.egg-info/requires.txt
[1.588s] writing top-level names to ../../build/camera_odom_fusion/camera_odom_fusion.egg-info/top_level.txt
[1.690s] ERROR setuptools_scm._file_finders.git listing git files failed - pretending there aren't any
[1.850s] reading manifest file '../../build/camera_odom_fusion/camera_odom_fusion.egg-info/SOURCES.txt'
[1.852s] writing manifest file '../../build/camera_odom_fusion/camera_odom_fusion.egg-info/SOURCES.txt'
[1.852s] running build
[1.852s] running build_py
[1.853s] copying camera_odom_fusion/ekf_treatment.py -> /home/zineddine/ros2_ws/build/camera_odom_fusion/build/lib/camera_odom_fusion
[1.853s] copying camera_odom_fusion/camera_treatement.py -> /home/zineddine/ros2_ws/build/camera_odom_fusion/build/lib/camera_odom_fusion
[1.854s] copying camera_odom_fusion/__init__.py -> /home/zineddine/ros2_ws/build/camera_odom_fusion/build/lib/camera_odom_fusion
[1.854s] copying camera_odom_fusion/camera_ekf.py -> /home/zineddine/ros2_ws/build/camera_odom_fusion/build/lib/camera_odom_fusion
[1.855s] running install
[1.860s] running install_lib
[1.884s] copying /home/zineddine/ros2_ws/build/camera_odom_fusion/build/lib/camera_odom_fusion/ekf_treatment.py -> /home/zineddine/ros2_ws/install/camera_odom_fusion/lib/python3.10/site-packages/camera_odom_fusion
[1.885s] byte-compiling /home/zineddine/ros2_ws/install/camera_odom_fusion/lib/python3.10/site-packages/camera_odom_fusion/ekf_treatment.py to ekf_treatment.cpython-310.pyc
[1.888s] running install_data
[1.888s] copying resource/camera_odom_fusion -> /home/zineddine/ros2_ws/install/camera_odom_fusion/share/ament_index/resource_index/packages
[1.889s] copying package.xml -> /home/zineddine/ros2_ws/install/camera_odom_fusion/share/camera_odom_fusion
[1.889s] running install_egg_info
[1.914s] removing '/home/zineddine/ros2_ws/install/camera_odom_fusion/lib/python3.10/site-packages/camera_odom_fusion-0.0.0-py3.10.egg-info' (and everything under it)
[1.914s] Copying ../../build/camera_odom_fusion/camera_odom_fusion.egg-info to /home/zineddine/ros2_ws/install/camera_odom_fusion/lib/python3.10/site-packages/camera_odom_fusion-0.0.0-py3.10.egg-info
[1.915s] running install_scripts
[1.967s] Installing camera script to /home/zineddine/ros2_ws/install/camera_odom_fusion/lib/camera_odom_fusion
[1.968s] Installing ekf script to /home/zineddine/ros2_ws/install/camera_odom_fusion/lib/camera_odom_fusion
[1.969s] writing list of installed files to '/home/zineddine/ros2_ws/build/camera_odom_fusion/install.log'
[1.999s] Invoked command in '/home/zineddine/ros2_ws/src/camera_odom_fusion' returned '0': PYTHONPATH=/home/zineddine/ros2_ws/build/camera_odom_fusion/prefix_override:/usr/lib/python3/dist-packages/colcon_core/task/python/colcon_distutils_commands:/home/zineddine/ros2_ws/install/camera_odom_fusion/lib/python3.10/site-packages:${PYTHONPATH} /usr/bin/python3 -W ignore:setup.py install is deprecated -W ignore:easy_install command is deprecated setup.py egg_info --egg-base ../../build/camera_odom_fusion build --build-base /home/zineddine/ros2_ws/build/camera_odom_fusion/build install --record /home/zineddine/ros2_ws/build/camera_odom_fusion/install.log --single-version-externally-managed install_data
