/home/zineddine/ros2_ws/install/camera_odom_fusion/lib/python3.10/site-packages/camera_odom_fusion/ekf_treatment.py
/home/zineddine/ros2_ws/install/camera_odom_fusion/lib/python3.10/site-packages/camera_odom_fusion/camera_treatement.py
/home/zineddine/ros2_ws/install/camera_odom_fusion/lib/python3.10/site-packages/camera_odom_fusion/__init__.py
/home/zineddine/ros2_ws/install/camera_odom_fusion/lib/python3.10/site-packages/camera_odom_fusion/camera_ekf.py
/home/zineddine/ros2_ws/install/camera_odom_fusion/lib/python3.10/site-packages/camera_odom_fusion/__pycache__/ekf_treatment.cpython-310.pyc
/home/zineddine/ros2_ws/install/camera_odom_fusion/lib/python3.10/site-packages/camera_odom_fusion/__pycache__/camera_treatement.cpython-310.pyc
/home/zineddine/ros2_ws/install/camera_odom_fusion/lib/python3.10/site-packages/camera_odom_fusion/__pycache__/__init__.cpython-310.pyc
/home/zineddine/ros2_ws/install/camera_odom_fusion/lib/python3.10/site-packages/camera_odom_fusion/__pycache__/camera_ekf.cpython-310.pyc
/home/zineddine/ros2_ws/install/camera_odom_fusion/share/ament_index/resource_index/packages/camera_odom_fusion
/home/zineddine/ros2_ws/install/camera_odom_fusion/share/camera_odom_fusion/package.xml
/home/zineddine/ros2_ws/install/camera_odom_fusion/share/camera_odom_fusion/base2lidar_matrix.yaml
/home/zineddine/ros2_ws/install/camera_odom_fusion/share/camera_odom_fusion/Lidar2camera_matrix.yaml
/home/zineddine/ros2_ws/install/camera_odom_fusion/share/camera_odom_fusion/base_to_lidar.yaml
/home/zineddine/ros2_ws/install/camera_odom_fusion/lib/python3.10/site-packages/camera_odom_fusion-0.0.0-py3.10.egg-info/dependency_links.txt
/home/zineddine/ros2_ws/install/camera_odom_fusion/lib/python3.10/site-packages/camera_odom_fusion-0.0.0-py3.10.egg-info/top_level.txt
/home/zineddine/ros2_ws/install/camera_odom_fusion/lib/python3.10/site-packages/camera_odom_fusion-0.0.0-py3.10.egg-info/entry_points.txt
/home/zineddine/ros2_ws/install/camera_odom_fusion/lib/python3.10/site-packages/camera_odom_fusion-0.0.0-py3.10.egg-info/zip-safe
/home/zineddine/ros2_ws/install/camera_odom_fusion/lib/python3.10/site-packages/camera_odom_fusion-0.0.0-py3.10.egg-info/SOURCES.txt
/home/zineddine/ros2_ws/install/camera_odom_fusion/lib/python3.10/site-packages/camera_odom_fusion-0.0.0-py3.10.egg-info/PKG-INFO
/home/zineddine/ros2_ws/install/camera_odom_fusion/lib/python3.10/site-packages/camera_odom_fusion-0.0.0-py3.10.egg-info/requires.txt
/home/zineddine/ros2_ws/install/camera_odom_fusion/lib/camera_odom_fusion/camera
/home/zineddine/ros2_ws/install/camera_odom_fusion/lib/camera_odom_fusion/ekf
