[0.377s] DEBUG:colcon:Command line arguments: ['/usr/bin/colcon', 'build']
[0.377s] DEBUG:colcon:Parsed command line arguments: Namespace(log_base=None, log_level=None, verb_name='build', build_base='build', install_base='install', merge_install=False, symlink_install=False, test_result_base=None, continue_on_error=False, executor='parallel', parallel_workers=4, event_handlers=None, ignore_user_meta=False, metas=['./colcon.meta'], base_paths=['.'], packages_ignore=None, packages_ignore_regex=None, paths=None, packages_up_to=None, packages_up_to_regex=None, packages_above=None, packages_above_and_dependencies=None, packages_above_depth=None, packages_select_by_dep=None, packages_skip_by_dep=None, packages_skip_up_to=None, packages_select_build_failed=False, packages_skip_build_finished=False, packages_select_test_failures=False, packages_skip_test_passed=False, packages_select=None, packages_skip=None, packages_select_regex=None, packages_skip_regex=None, packages_start=None, packages_end=None, allow_overriding=[], cmake_args=None, cmake_target=None, cmake_target_skip_unavailable=False, cmake_clean_cache=False, cmake_clean_first=False, cmake_force_configure=False, ament_cmake_args=None, catkin_cmake_args=None, catkin_skip_building_tests=False, mixin_files=None, mixin=None, verb_parser=<colcon_mixin.mixin.mixin_argument.MixinArgumentDecorator object at 0x7686e1f94850>, verb_extension=<colcon_core.verb.build.BuildVerb object at 0x7686e1f5b6d0>, main=<bound method BuildVerb.main of <colcon_core.verb.build.BuildVerb object at 0x7686e1f5b6d0>>, mixin_verb=('build',))
[0.478s] Level 1:colcon.colcon_core.package_discovery:discover_packages(colcon_meta) check parameters
[0.478s] Level 1:colcon.colcon_core.package_discovery:discover_packages(recursive) check parameters
[0.478s] Level 1:colcon.colcon_core.package_discovery:discover_packages(ignore) check parameters
[0.478s] Level 1:colcon.colcon_core.package_discovery:discover_packages(path) check parameters
[0.478s] Level 1:colcon.colcon_core.package_discovery:discover_packages(colcon_meta) discover
[0.478s] Level 1:colcon.colcon_core.package_discovery:discover_packages(recursive) discover
[0.478s] INFO:colcon.colcon_core.package_discovery:Crawling recursively for packages in '/home/zineddine/ros2_ws'
[0.478s] Level 1:colcon.colcon_core.package_identification:_identify(.) by extensions ['ignore', 'ignore_ament_install']
[0.479s] Level 1:colcon.colcon_core.package_identification:_identify(.) by extension 'ignore'
[0.479s] Level 1:colcon.colcon_core.package_identification:_identify(.) by extension 'ignore_ament_install'
[0.479s] Level 1:colcon.colcon_core.package_identification:_identify(.) by extensions ['colcon_pkg']
[0.479s] Level 1:colcon.colcon_core.package_identification:_identify(.) by extension 'colcon_pkg'
[0.479s] Level 1:colcon.colcon_core.package_identification:_identify(.) by extensions ['colcon_meta']
[0.479s] Level 1:colcon.colcon_core.package_identification:_identify(.) by extension 'colcon_meta'
[0.479s] Level 1:colcon.colcon_core.package_identification:_identify(.) by extensions ['ros']
[0.479s] Level 1:colcon.colcon_core.package_identification:_identify(.) by extension 'ros'
[0.518s] Level 1:colcon.colcon_core.package_identification:_identify(.) by extensions ['cmake', 'python']
[0.518s] Level 1:colcon.colcon_core.package_identification:_identify(.) by extension 'cmake'
[0.518s] Level 1:colcon.colcon_core.package_identification:_identify(.) by extension 'python'
[0.518s] Level 1:colcon.colcon_core.package_identification:_identify(.) by extensions ['python_setup_py']
[0.519s] Level 1:colcon.colcon_core.package_identification:_identify(.) by extension 'python_setup_py'
[0.519s] Level 1:colcon.colcon_core.package_identification:_identify(build) by extensions ['ignore', 'ignore_ament_install']
[0.519s] Level 1:colcon.colcon_core.package_identification:_identify(build) by extension 'ignore'
[0.519s] Level 1:colcon.colcon_core.package_identification:_identify(build) ignored
[0.519s] Level 1:colcon.colcon_core.package_identification:_identify(install) by extensions ['ignore', 'ignore_ament_install']
[0.519s] Level 1:colcon.colcon_core.package_identification:_identify(install) by extension 'ignore'
[0.519s] Level 1:colcon.colcon_core.package_identification:_identify(install) ignored
[0.520s] Level 1:colcon.colcon_core.package_identification:_identify(log) by extensions ['ignore', 'ignore_ament_install']
[0.520s] Level 1:colcon.colcon_core.package_identification:_identify(log) by extension 'ignore'
[0.520s] Level 1:colcon.colcon_core.package_identification:_identify(log) ignored
[0.520s] Level 1:colcon.colcon_core.package_identification:_identify(src) by extensions ['ignore', 'ignore_ament_install']
[0.520s] Level 1:colcon.colcon_core.package_identification:_identify(src) by extension 'ignore'
[0.520s] Level 1:colcon.colcon_core.package_identification:_identify(src) by extension 'ignore_ament_install'
[0.520s] Level 1:colcon.colcon_core.package_identification:_identify(src) by extensions ['colcon_pkg']
[0.521s] Level 1:colcon.colcon_core.package_identification:_identify(src) by extension 'colcon_pkg'
[0.521s] Level 1:colcon.colcon_core.package_identification:_identify(src) by extensions ['colcon_meta']
[0.521s] Level 1:colcon.colcon_core.package_identification:_identify(src) by extension 'colcon_meta'
[0.521s] Level 1:colcon.colcon_core.package_identification:_identify(src) by extensions ['ros']
[0.521s] Level 1:colcon.colcon_core.package_identification:_identify(src) by extension 'ros'
[0.521s] Level 1:colcon.colcon_core.package_identification:_identify(src) by extensions ['cmake', 'python']
[0.521s] Level 1:colcon.colcon_core.package_identification:_identify(src) by extension 'cmake'
[0.521s] Level 1:colcon.colcon_core.package_identification:_identify(src) by extension 'python'
[0.521s] Level 1:colcon.colcon_core.package_identification:_identify(src) by extensions ['python_setup_py']
[0.521s] Level 1:colcon.colcon_core.package_identification:_identify(src) by extension 'python_setup_py'
[0.522s] Level 1:colcon.colcon_core.package_identification:_identify(src/camera_odom_fusion) by extensions ['ignore', 'ignore_ament_install']
[0.522s] Level 1:colcon.colcon_core.package_identification:_identify(src/camera_odom_fusion) by extension 'ignore'
[0.522s] Level 1:colcon.colcon_core.package_identification:_identify(src/camera_odom_fusion) by extension 'ignore_ament_install'
[0.522s] Level 1:colcon.colcon_core.package_identification:_identify(src/camera_odom_fusion) by extensions ['colcon_pkg']
[0.522s] Level 1:colcon.colcon_core.package_identification:_identify(src/camera_odom_fusion) by extension 'colcon_pkg'
[0.522s] Level 1:colcon.colcon_core.package_identification:_identify(src/camera_odom_fusion) by extensions ['colcon_meta']
[0.522s] Level 1:colcon.colcon_core.package_identification:_identify(src/camera_odom_fusion) by extension 'colcon_meta'
[0.522s] Level 1:colcon.colcon_core.package_identification:_identify(src/camera_odom_fusion) by extensions ['ros']
[0.522s] Level 1:colcon.colcon_core.package_identification:_identify(src/camera_odom_fusion) by extension 'ros'
[0.526s] DEBUG:colcon.colcon_core.package_identification:Package 'src/camera_odom_fusion' with type 'ros.ament_python' and name 'camera_odom_fusion'
[0.527s] Level 1:colcon.colcon_core.package_discovery:discover_packages(recursive) using defaults
[0.527s] Level 1:colcon.colcon_core.package_discovery:discover_packages(ignore) discover
[0.527s] Level 1:colcon.colcon_core.package_discovery:discover_packages(ignore) using defaults
[0.527s] Level 1:colcon.colcon_core.package_discovery:discover_packages(path) discover
[0.527s] Level 1:colcon.colcon_core.package_discovery:discover_packages(path) using defaults
[0.567s] Level 1:colcon.colcon_core.package_discovery:discover_packages(prefix_path) check parameters
[0.568s] Level 1:colcon.colcon_core.package_discovery:discover_packages(prefix_path) discover
[0.571s] DEBUG:colcon.colcon_installed_package_information.package_discovery:Found 1 installed packages in /home/zineddine/ros2_ws/install
[0.574s] DEBUG:colcon.colcon_installed_package_information.package_discovery:Found 281 installed packages in /opt/ros/humble
[0.578s] Level 1:colcon.colcon_core.package_discovery:discover_packages(prefix_path) using defaults
[0.629s] Level 5:colcon.colcon_core.verb:set package 'camera_odom_fusion' build argument 'cmake_args' from command line to 'None'
[0.629s] Level 5:colcon.colcon_core.verb:set package 'camera_odom_fusion' build argument 'cmake_target' from command line to 'None'
[0.629s] Level 5:colcon.colcon_core.verb:set package 'camera_odom_fusion' build argument 'cmake_target_skip_unavailable' from command line to 'False'
[0.629s] Level 5:colcon.colcon_core.verb:set package 'camera_odom_fusion' build argument 'cmake_clean_cache' from command line to 'False'
[0.629s] Level 5:colcon.colcon_core.verb:set package 'camera_odom_fusion' build argument 'cmake_clean_first' from command line to 'False'
[0.629s] Level 5:colcon.colcon_core.verb:set package 'camera_odom_fusion' build argument 'cmake_force_configure' from command line to 'False'
[0.629s] Level 5:colcon.colcon_core.verb:set package 'camera_odom_fusion' build argument 'ament_cmake_args' from command line to 'None'
[0.629s] Level 5:colcon.colcon_core.verb:set package 'camera_odom_fusion' build argument 'catkin_cmake_args' from command line to 'None'
[0.629s] Level 5:colcon.colcon_core.verb:set package 'camera_odom_fusion' build argument 'catkin_skip_building_tests' from command line to 'False'
[0.629s] DEBUG:colcon.colcon_core.verb:Building package 'camera_odom_fusion' with the following arguments: {'ament_cmake_args': None, 'build_base': '/home/zineddine/ros2_ws/build/camera_odom_fusion', 'catkin_cmake_args': None, 'catkin_skip_building_tests': False, 'cmake_args': None, 'cmake_clean_cache': False, 'cmake_clean_first': False, 'cmake_force_configure': False, 'cmake_target': None, 'cmake_target_skip_unavailable': False, 'install_base': '/home/zineddine/ros2_ws/install/camera_odom_fusion', 'merge_install': False, 'path': '/home/zineddine/ros2_ws/src/camera_odom_fusion', 'symlink_install': False, 'test_result_base': None}
[0.629s] INFO:colcon.colcon_core.executor:Executing jobs using 'parallel' executor
[0.631s] DEBUG:colcon.colcon_parallel_executor.executor.parallel:run_until_complete
[0.632s] INFO:colcon.colcon_ros.task.ament_python.build:Building ROS package in '/home/zineddine/ros2_ws/src/camera_odom_fusion' with build type 'ament_python'
[0.632s] Level 1:colcon.colcon_core.shell:create_environment_hook('camera_odom_fusion', 'ament_prefix_path')
[0.637s] INFO:colcon.colcon_core.plugin_system:Skipping extension 'colcon_core.shell.bat': Not used on non-Windows systems
[0.637s] INFO:colcon.colcon_core.shell:Creating environment hook '/home/zineddine/ros2_ws/install/camera_odom_fusion/share/camera_odom_fusion/hook/ament_prefix_path.ps1'
[0.639s] INFO:colcon.colcon_core.shell:Creating environment descriptor '/home/zineddine/ros2_ws/install/camera_odom_fusion/share/camera_odom_fusion/hook/ament_prefix_path.dsv'
[0.639s] INFO:colcon.colcon_core.shell:Creating environment hook '/home/zineddine/ros2_ws/install/camera_odom_fusion/share/camera_odom_fusion/hook/ament_prefix_path.sh'
[0.640s] INFO:colcon.colcon_core.shell:Skip shell extension 'powershell' for command environment: Not usable outside of PowerShell
[0.640s] DEBUG:colcon.colcon_core.shell:Skip shell extension 'dsv' for command environment
[0.973s] INFO:colcon.colcon_core.task.python.build:Building Python package in '/home/zineddine/ros2_ws/src/camera_odom_fusion'
[0.974s] INFO:colcon.colcon_core.shell:Skip shell extension 'powershell' for command environment: Not usable outside of PowerShell
[0.974s] DEBUG:colcon.colcon_core.shell:Skip shell extension 'dsv' for command environment
[1.972s] DEBUG:colcon.colcon_core.event_handler.log_command:Invoking command in '/home/zineddine/ros2_ws/src/camera_odom_fusion': PYTHONPATH=/home/zineddine/ros2_ws/build/camera_odom_fusion/prefix_override:/usr/lib/python3/dist-packages/colcon_core/task/python/colcon_distutils_commands:/home/zineddine/ros2_ws/install/camera_odom_fusion/lib/python3.10/site-packages:${PYTHONPATH} /usr/bin/python3 -W ignore:setup.py install is deprecated -W ignore:easy_install command is deprecated setup.py egg_info --egg-base ../../build/camera_odom_fusion build --build-base /home/zineddine/ros2_ws/build/camera_odom_fusion/build install --record /home/zineddine/ros2_ws/build/camera_odom_fusion/install.log --single-version-externally-managed install_data
[2.902s] DEBUG:colcon.colcon_core.event_handler.log_command:Invoked command in '/home/zineddine/ros2_ws/src/camera_odom_fusion' returned '0': PYTHONPATH=/home/zineddine/ros2_ws/build/camera_odom_fusion/prefix_override:/usr/lib/python3/dist-packages/colcon_core/task/python/colcon_distutils_commands:/home/zineddine/ros2_ws/install/camera_odom_fusion/lib/python3.10/site-packages:${PYTHONPATH} /usr/bin/python3 -W ignore:setup.py install is deprecated -W ignore:easy_install command is deprecated setup.py egg_info --egg-base ../../build/camera_odom_fusion build --build-base /home/zineddine/ros2_ws/build/camera_odom_fusion/build install --record /home/zineddine/ros2_ws/build/camera_odom_fusion/install.log --single-version-externally-managed install_data
[2.909s] Level 1:colcon.colcon_core.environment:checking '/home/zineddine/ros2_ws/install/camera_odom_fusion' for CMake module files
[2.909s] Level 1:colcon.colcon_core.environment:checking '/home/zineddine/ros2_ws/install/camera_odom_fusion' for CMake config files
[2.911s] Level 1:colcon.colcon_core.environment:checking '/home/zineddine/ros2_ws/install/camera_odom_fusion/lib'
[2.911s] Level 1:colcon.colcon_core.environment:checking '/home/zineddine/ros2_ws/install/camera_odom_fusion/bin'
[2.911s] Level 1:colcon.colcon_core.environment:checking '/home/zineddine/ros2_ws/install/camera_odom_fusion/lib/pkgconfig/camera_odom_fusion.pc'
[2.912s] Level 1:colcon.colcon_core.environment:checking '/home/zineddine/ros2_ws/install/camera_odom_fusion/lib/python3.10/site-packages'
[2.912s] Level 1:colcon.colcon_core.shell:create_environment_hook('camera_odom_fusion', 'pythonpath')
[2.912s] INFO:colcon.colcon_core.shell:Creating environment hook '/home/zineddine/ros2_ws/install/camera_odom_fusion/share/camera_odom_fusion/hook/pythonpath.ps1'
[2.913s] INFO:colcon.colcon_core.shell:Creating environment descriptor '/home/zineddine/ros2_ws/install/camera_odom_fusion/share/camera_odom_fusion/hook/pythonpath.dsv'
[2.914s] INFO:colcon.colcon_core.shell:Creating environment hook '/home/zineddine/ros2_ws/install/camera_odom_fusion/share/camera_odom_fusion/hook/pythonpath.sh'
[2.914s] Level 1:colcon.colcon_core.environment:checking '/home/zineddine/ros2_ws/install/camera_odom_fusion/bin'
[2.914s] Level 1:colcon.colcon_core.environment:create_environment_scripts_only(camera_odom_fusion)
[2.915s] INFO:colcon.colcon_core.shell:Creating package script '/home/zineddine/ros2_ws/install/camera_odom_fusion/share/camera_odom_fusion/package.ps1'
[2.916s] INFO:colcon.colcon_core.shell:Creating package descriptor '/home/zineddine/ros2_ws/install/camera_odom_fusion/share/camera_odom_fusion/package.dsv'
[2.917s] INFO:colcon.colcon_core.shell:Creating package script '/home/zineddine/ros2_ws/install/camera_odom_fusion/share/camera_odom_fusion/package.sh'
[2.918s] INFO:colcon.colcon_core.shell:Creating package script '/home/zineddine/ros2_ws/install/camera_odom_fusion/share/camera_odom_fusion/package.bash'
[2.919s] INFO:colcon.colcon_core.shell:Creating package script '/home/zineddine/ros2_ws/install/camera_odom_fusion/share/camera_odom_fusion/package.zsh'
[2.920s] Level 1:colcon.colcon_core.environment:create_file_with_runtime_dependencies(/home/zineddine/ros2_ws/install/camera_odom_fusion/share/colcon-core/packages/camera_odom_fusion)
[2.920s] DEBUG:colcon.colcon_parallel_executor.executor.parallel:closing loop
[2.921s] DEBUG:colcon.colcon_parallel_executor.executor.parallel:loop closed
[2.921s] DEBUG:colcon.colcon_parallel_executor.executor.parallel:run_until_complete finished with '0'
[2.921s] DEBUG:colcon.colcon_core.event_reactor:joining thread
[2.933s] INFO:colcon.colcon_core.plugin_system:Skipping extension 'colcon_notification.desktop_notification.terminal_notifier': Not used on non-Darwin systems
[2.933s] INFO:colcon.colcon_core.plugin_system:Skipping extension 'colcon_notification.desktop_notification.win32': Not used on non-Windows systems
[2.934s] INFO:colcon.colcon_notification.desktop_notification:Sending desktop notification using 'notify2'
[2.992s] DEBUG:colcon.colcon_core.event_reactor:joined thread
[2.993s] INFO:colcon.colcon_core.shell:Creating prefix script '/home/zineddine/ros2_ws/install/local_setup.ps1'
[2.994s] INFO:colcon.colcon_core.shell:Creating prefix util module '/home/zineddine/ros2_ws/install/_local_setup_util_ps1.py'
[2.996s] INFO:colcon.colcon_core.shell:Creating prefix chain script '/home/zineddine/ros2_ws/install/setup.ps1'
[3.000s] INFO:colcon.colcon_core.shell:Creating prefix script '/home/zineddine/ros2_ws/install/local_setup.sh'
[3.001s] INFO:colcon.colcon_core.shell:Creating prefix util module '/home/zineddine/ros2_ws/install/_local_setup_util_sh.py'
[3.002s] INFO:colcon.colcon_core.shell:Creating prefix chain script '/home/zineddine/ros2_ws/install/setup.sh'
[3.004s] INFO:colcon.colcon_core.shell:Creating prefix script '/home/zineddine/ros2_ws/install/local_setup.bash'
[3.004s] INFO:colcon.colcon_core.shell:Creating prefix chain script '/home/zineddine/ros2_ws/install/setup.bash'
[3.006s] INFO:colcon.colcon_core.shell:Creating prefix script '/home/zineddine/ros2_ws/install/local_setup.zsh'
[3.007s] INFO:colcon.colcon_core.shell:Creating prefix chain script '/home/zineddine/ros2_ws/install/setup.zsh'
