running egg_info
writing ../../build/camera_odom_fusion/camera_odom_fusion.egg-info/PKG-INFO
writing dependency_links to ../../build/camera_odom_fusion/camera_odom_fusion.egg-info/dependency_links.txt
writing entry points to ../../build/camera_odom_fusion/camera_odom_fusion.egg-info/entry_points.txt
writing requirements to ../../build/camera_odom_fusion/camera_odom_fusion.egg-info/requires.txt
writing top-level names to ../../build/camera_odom_fusion/camera_odom_fusion.egg-info/top_level.txt
reading manifest file '../../build/camera_odom_fusion/camera_odom_fusion.egg-info/SOURCES.txt'
writing manifest file '../../build/camera_odom_fusion/camera_odom_fusion.egg-info/SOURCES.txt'
running build
running build_py
copying camera_odom_fusion/ekf_treatment.py -> /home/zineddine/ros2_ws/build/camera_odom_fusion/build/lib/camera_odom_fusion
copying camera_odom_fusion/camera_treatement.py -> /home/zineddine/ros2_ws/build/camera_odom_fusion/build/lib/camera_odom_fusion
copying camera_odom_fusion/__init__.py -> /home/zineddine/ros2_ws/build/camera_odom_fusion/build/lib/camera_odom_fusion
copying camera_odom_fusion/camera_ekf.py -> /home/zineddine/ros2_ws/build/camera_odom_fusion/build/lib/camera_odom_fusion
running install
running install_lib
running install_data
copying resource/camera_odom_fusion -> /home/zineddine/ros2_ws/install/camera_odom_fusion/share/ament_index/resource_index/packages
copying package.xml -> /home/zineddine/ros2_ws/install/camera_odom_fusion/share/camera_odom_fusion
creating /home/zineddine/ros2_ws/install/camera_odom_fusion/share/camera_odom_fusion/launch
copying launch/ekf.launch.py -> /home/zineddine/ros2_ws/install/camera_odom_fusion/share/camera_odom_fusion/launch
running install_egg_info
removing '/home/zineddine/ros2_ws/install/camera_odom_fusion/lib/python3.10/site-packages/camera_odom_fusion-0.0.0-py3.10.egg-info' (and everything under it)
Copying ../../build/camera_odom_fusion/camera_odom_fusion.egg-info to /home/zineddine/ros2_ws/install/camera_odom_fusion/lib/python3.10/site-packages/camera_odom_fusion-0.0.0-py3.10.egg-info
running install_scripts
Installing camera script to /home/zineddine/ros2_ws/install/camera_odom_fusion/lib/camera_odom_fusion
Installing ekf script to /home/zineddine/ros2_ws/install/camera_odom_fusion/lib/camera_odom_fusion
writing list of installed files to '/home/zineddine/ros2_ws/build/camera_odom_fusion/install.log'
