[1.207s] Invoking command in '/home/zineddine/ros2_ws/src/camera_odom_fusion': PYTHONPATH=/home/zineddine/ros2_ws/build/camera_odom_fusion/prefix_override:/usr/lib/python3/dist-packages/colcon_core/task/python/colcon_distutils_commands:/home/zineddine/ros2_ws/install/camera_odom_fusion/lib/python3.10/site-packages:${PYTHONPATH} /usr/bin/python3 -W ignore:setup.py install is deprecated -W ignore:easy_install command is deprecated setup.py egg_info --egg-base ../../build/camera_odom_fusion build --build-base /home/zineddine/ros2_ws/build/camera_odom_fusion/build install --record /home/zineddine/ros2_ws/build/camera_odom_fusion/install.log --single-version-externally-managed install_data
[1.606s] running egg_info
[1.629s] writing ../../build/camera_odom_fusion/camera_odom_fusion.egg-info/PKG-INFO
[1.630s] writing dependency_links to ../../build/camera_odom_fusion/camera_odom_fusion.egg-info/dependency_links.txt
[1.630s] writing entry points to ../../build/camera_odom_fusion/camera_odom_fusion.egg-info/entry_points.txt
[1.631s] writing requirements to ../../build/camera_odom_fusion/camera_odom_fusion.egg-info/requires.txt
[1.631s] writing top-level names to ../../build/camera_odom_fusion/camera_odom_fusion.egg-info/top_level.txt
[1.735s] ERROR setuptools_scm._file_finders.git listing git files failed - pretending there aren't any
[1.886s] reading manifest file '../../build/camera_odom_fusion/camera_odom_fusion.egg-info/SOURCES.txt'
[1.888s] writing manifest file '../../build/camera_odom_fusion/camera_odom_fusion.egg-info/SOURCES.txt'
[1.888s] running build
[1.888s] running build_py
[1.889s] copying camera_odom_fusion/ekf_treatment.py -> /home/zineddine/ros2_ws/build/camera_odom_fusion/build/lib/camera_odom_fusion
[1.889s] copying camera_odom_fusion/camera_treatement.py -> /home/zineddine/ros2_ws/build/camera_odom_fusion/build/lib/camera_odom_fusion
[1.889s] copying camera_odom_fusion/__init__.py -> /home/zineddine/ros2_ws/build/camera_odom_fusion/build/lib/camera_odom_fusion
[1.890s] copying camera_odom_fusion/camera_ekf.py -> /home/zineddine/ros2_ws/build/camera_odom_fusion/build/lib/camera_odom_fusion
[1.890s] running install
[1.896s] running install_lib
[1.920s] copying /home/zineddine/ros2_ws/build/camera_odom_fusion/build/lib/camera_odom_fusion/camera_ekf.py -> /home/zineddine/ros2_ws/install/camera_odom_fusion/lib/python3.10/site-packages/camera_odom_fusion
[1.921s] byte-compiling /home/zineddine/ros2_ws/install/camera_odom_fusion/lib/python3.10/site-packages/camera_odom_fusion/camera_ekf.py to camera_ekf.cpython-310.pyc
[1.925s] running install_data
[1.925s] copying resource/camera_odom_fusion -> /home/zineddine/ros2_ws/install/camera_odom_fusion/share/ament_index/resource_index/packages
[1.926s] copying package.xml -> /home/zineddine/ros2_ws/install/camera_odom_fusion/share/camera_odom_fusion
[1.926s] running install_egg_info
[1.950s] removing '/home/zineddine/ros2_ws/install/camera_odom_fusion/lib/python3.10/site-packages/camera_odom_fusion-0.0.0-py3.10.egg-info' (and everything under it)
[1.950s] Copying ../../build/camera_odom_fusion/camera_odom_fusion.egg-info to /home/zineddine/ros2_ws/install/camera_odom_fusion/lib/python3.10/site-packages/camera_odom_fusion-0.0.0-py3.10.egg-info
[1.951s] running install_scripts
[2.000s] Installing camera script to /home/zineddine/ros2_ws/install/camera_odom_fusion/lib/camera_odom_fusion
[2.000s] Installing ekf script to /home/zineddine/ros2_ws/install/camera_odom_fusion/lib/camera_odom_fusion
[2.001s] writing list of installed files to '/home/zineddine/ros2_ws/build/camera_odom_fusion/install.log'
[2.034s] Invoked command in '/home/zineddine/ros2_ws/src/camera_odom_fusion' returned '0': PYTHONPATH=/home/zineddine/ros2_ws/build/camera_odom_fusion/prefix_override:/usr/lib/python3/dist-packages/colcon_core/task/python/colcon_distutils_commands:/home/zineddine/ros2_ws/install/camera_odom_fusion/lib/python3.10/site-packages:${PYTHONPATH} /usr/bin/python3 -W ignore:setup.py install is deprecated -W ignore:easy_install command is deprecated setup.py egg_info --egg-base ../../build/camera_odom_fusion build --build-base /home/zineddine/ros2_ws/build/camera_odom_fusion/build install --record /home/zineddine/ros2_ws/build/camera_odom_fusion/install.log --single-version-externally-managed install_data
